node.exe : C:\ai-sub-a
uto\lib\env.ts:11
위치 C:\Program Files\no
dejs\npx.ps1:29 문자:3
+   & $NODE_EXE $NPX_C
LI_JS $args
+   ~~~~~~~~~~~~~~~~~~
~~~~~~~~~~~
    + CategoryInfo    
          : NotSpeci  
  fied: (C:\ai-sub-   
 auto\lib\env.ts:1    
1:String) [], Rem    o
teException
    + FullyQualifiedE 
   rrorId : NativeCo  
  mmandError
 
    throw new Error(`M
issing required env va
riable: ${name}`);
          ^


Error: Missing require
d env variable: NEXT_P
UBLIC_SUPABASE_URL
    at assertEnv (C:\a
i-sub-auto\lib\env.ts:
11:11)
    at <anonymous> (C:
\ai-sub-auto\lib\env.t
s:17:16)
    at Object.<anonymo
us> (C:\ai-sub-auto\li
b\env.ts:46:1)
    at Module._compile
 (node:internal/module
s/cjs/loader:1562:14)
    at Object.transfor
mer (C:\ai-sub-auto\no
de_modules\tsx\dist\re
gister-D46fvsV_.cjs:3:
1104)
    at Module.load (no
de:internal/modules/cj
s/loader:1313:32)
    at Function._load 
(node:internal/modules
/cjs/loader:1123:12)
    at TracingChannel.
traceSync (node:diagno
stics_channel:322:14)
    at wrapModuleLoad 
(node:internal/modules
/cjs/loader:217:24)
    at Module.require 
(node:internal/modules
/cjs/loader:1335:12)

Node.js v22.13.1
